
There are no discarded input sections

Memory Configuration

Name             Origin             Length             Attributes
flash            0x08000000         0x00020000         xr
sram             0x20000000         0x00005000         xrw
*default*        0x00000000         0xffffffff

Linker script and memory map


.text           0x08000000      0x128
 *(.vectors*)
 .vectors       0x08000000       0x1c startup.o
                0x08000000                vectors
 *(.text*)
 .text          0x0800001c       0x90 startup.o
                0x0800001c                reset_handler
                0x080000a0                default_handler
                0x080000a0                BUS_fault
                0x080000a0                Usage_fault_handler
                0x080000a0                MM_fault_handler
                0x080000a0                H_fault_handler
                0x080000a0                NMI_handler
 .text          0x080000ac       0x7c main.o
                0x080000ac                main
                0x08000128                        _E_text = .

.glue_7         0x08000128        0x0
 .glue_7        0x08000128        0x0 linker stubs

.glue_7t        0x08000128        0x0
 .glue_7t       0x08000128        0x0 linker stubs

.vfp11_veneer   0x08000128        0x0
 .vfp11_veneer  0x08000128        0x0 linker stubs

.v4_bx          0x08000128        0x0
 .v4_bx         0x08000128        0x0 linker stubs

.iplt           0x08000128        0x0
 .iplt          0x08000128        0x0 startup.o

.rel.dyn        0x08000128        0x0
 .rel.iplt      0x08000128        0x0 startup.o

.data           0x20000000        0x0 load address 0x08000128
                0x20000000                        _S_DATA = .
 *(.data)
 .data          0x20000000        0x0 startup.o
 .data          0x20000000        0x0 main.o
                0x20000000                        _E_DATA = .
                0x20000000                        . = ALIGN (0x4)

.igot.plt       0x20000000        0x0 load address 0x08000128
 .igot.plt      0x20000000        0x0 startup.o

.rodata
 *(.rodata)

.bss            0x20000000     0x1000
                0x20000000                        _S_bss = .
 *(.bss)
 .bss           0x20000000        0x0 startup.o
 .bss           0x20000000        0x0 main.o
                0x20000000                        _E_bss = .
                0x20000000                        . = ALIGN (0x4)
                0x20001000                        . = (. + 0x1000)
 *fill*         0x20000000     0x1000 
                0x20001000                        _stack_top = .
LOAD startup.o
LOAD main.o
OUTPUT(UART_lab.elf elf32-littlearm)
LOAD linker stubs

.debug_info     0x00000000      0x2a0
 .debug_info    0x00000000      0x18c startup.o
 .debug_info    0x0000018c      0x114 main.o

.debug_abbrev   0x00000000      0x1c3
 .debug_abbrev  0x00000000       0xe7 startup.o
 .debug_abbrev  0x000000e7       0xdc main.o

.debug_loc      0x00000000       0xb4
 .debug_loc     0x00000000       0x7c startup.o
 .debug_loc     0x0000007c       0x38 main.o

.debug_aranges  0x00000000       0x40
 .debug_aranges
                0x00000000       0x20 startup.o
 .debug_aranges
                0x00000020       0x20 main.o

.debug_line     0x00000000      0x1ee
 .debug_line    0x00000000      0x170 startup.o
 .debug_line    0x00000170       0x7e main.o

.debug_str      0x00000000      0x1b0
 .debug_str     0x00000000      0x1b0 startup.o
                                0x1bf (size before relaxing)
 .debug_str     0x000001b0      0x159 main.o

.comment        0x00000000       0x44
 .comment       0x00000000       0x44 startup.o
                                 0x45 (size before relaxing)
 .comment       0x00000044       0x45 main.o

.ARM.attributes
                0x00000000       0x2d
 .ARM.attributes
                0x00000000       0x2d startup.o
 .ARM.attributes
                0x0000002d       0x2d main.o

.debug_frame    0x00000000       0x7c
 .debug_frame   0x00000000       0x50 startup.o
 .debug_frame   0x00000050       0x2c main.o
