
There are no discarded input sections

Memory Configuration

Name             Origin             Length             Attributes
flash            0x00000000         0x20000000         xr
sram             0x20000000         0x20000000         xrw
*default*        0x00000000         0xffffffff

Linker script and memory map


.text           0x00000000      0x128
 *(.vectors*)
 .vectors       0x00000000       0x10 startup.o
                0x00000000                g_p_fn_vectors
 *(.text*)
 .text          0x00000010       0x90 startup.o
                0x00000010                reset_handler
                0x00000094                default_handler
                0x00000094                H_fault_handler
                0x00000094                NMI_handler
 .text          0x000000a0       0x88 main.o
                0x000000a0                main
                0x00000128                        _E_text = .

.glue_7         0x00000128        0x0
 .glue_7        0x00000128        0x0 linker stubs

.glue_7t        0x00000128        0x0
 .glue_7t       0x00000128        0x0 linker stubs

.vfp11_veneer   0x00000128        0x0
 .vfp11_veneer  0x00000128        0x0 linker stubs

.v4_bx          0x00000128        0x0
 .v4_bx         0x00000128        0x0 linker stubs

.iplt           0x00000128        0x0
 .iplt          0x00000128        0x0 startup.o

.rel.dyn        0x00000128        0x0
 .rel.iplt      0x00000128        0x0 startup.o

.data           0x20000000        0x0 load address 0x00000128
                0x20000000                        _S_DATA = .
 *(.data)
 .data          0x20000000        0x0 startup.o
 .data          0x20000000        0x0 main.o
                0x20000000                        _E_DATA = .
                0x20000000                        . = ALIGN (0x4)

.igot.plt       0x20000000        0x0 load address 0x00000128
 .igot.plt      0x20000000        0x0 startup.o

.rodata
 *(.rodata)

.bss            0x20000000      0x400
                0x20000000                        _S_bss = .
 *(.bss)
 .bss           0x20000000      0x400 startup.o
 .bss           0x20000400        0x0 main.o
                0x20000400                        _E_bss = .
                0x20000400                        . = ALIGN (0x4)
LOAD startup.o
LOAD main.o
OUTPUT(unit3_lab4.elf elf32-littlearm)
LOAD linker stubs

.debug_info     0x00000000      0x1fe
 .debug_info    0x00000000      0x19f startup.o
 .debug_info    0x0000019f       0x5f main.o

.debug_abbrev   0x00000000      0x140
 .debug_abbrev  0x00000000       0xeb startup.o
 .debug_abbrev  0x000000eb       0x55 main.o

.debug_loc      0x00000000       0xb4
 .debug_loc     0x00000000       0x7c startup.o
 .debug_loc     0x0000007c       0x38 main.o

.debug_aranges  0x00000000       0x40
 .debug_aranges
                0x00000000       0x20 startup.o
 .debug_aranges
                0x00000020       0x20 main.o

.debug_line     0x00000000      0x128
 .debug_line    0x00000000       0x95 startup.o
 .debug_line    0x00000095       0x93 main.o

.debug_str      0x00000000      0x188
 .debug_str     0x00000000      0x188 startup.o
                                0x1b5 (size before relaxing)
 .debug_str     0x00000188       0xb2 main.o

.comment        0x00000000       0x44
 .comment       0x00000000       0x44 startup.o
                                 0x45 (size before relaxing)
 .comment       0x00000044       0x45 main.o

.ARM.attributes
                0x00000000       0x2e
 .ARM.attributes
                0x00000000       0x2e startup.o
 .ARM.attributes
                0x0000002e       0x2e main.o

.debug_frame    0x00000000       0x7c
 .debug_frame   0x00000000       0x50 startup.o
 .debug_frame   0x00000050       0x2c main.o
